// Vitest Snapshot v1, https://vitest.dev/guide/snapshot.html

exports[`Example Test > matches snapshot 1`] = `
<div>
  <div>
    Test Snapshot
  </div>
  <span
    hidden=""
    id="__chakra_env"
  />
</div>
`;
